Available catalogs: nil
Available repositories in catalog scratch : nil
Repository scratch is up! It contains 0 statements.
Triple count before inserts: 0
Triple count after adding: 4
Triple count after removing: 3
Triple count before inserts: 4
{:s http://example.org/people/alice, :p http://www.w3.org/1999/02/22-rdf-syntax-ns#type, :o http://example.org/ontology/Person}
{:s http://example.org/people/alice, :p http://example.org/ontology/name, :o "Alice"}
{:s http://example.org/people/bob, :p http://www.w3.org/1999/02/22-rdf-syntax-ns#type, :o http://example.org/ontology/Person}
{:s http://example.org/people/bob, :p http://example.org/ontology/name, :o "Bob"}
Triple count after adding: 8
Triple count after removing: 6
{:o http://example.org/ontology/Person, :p http://www.w3.org/1999/02/22-rdf-syntax-ns#type, :s http://example.org/people/alice}
{:o "Alice", :p http://example.org/ontology/name, :s http://example.org/people/alice}
{:o http://example.org/ontology/Person, :p http://www.w3.org/1999/02/22-rdf-syntax-ns#type, :s http://example.org/people/bob}
{:o http://example.org/ontology/Person, :p http://www.w3.org/1999/02/22-rdf-syntax-ns#type, :s http://example.org/people/alice}
{:o "Alice", :p http://example.org/ontology/name, :s http://example.org/people/alice}
{:o http://example.org/ontology/Person, :p http://www.w3.org/1999/02/22-rdf-syntax-ns#type, :s http://example.org/people/bob}
{:o "Bob", :p http://example.org/ontology/name, :s http://example.org/people/bob}
Triple count before inserts: 7
{:s http://example.org/people/alice, :p http://www.w3.org/1999/02/22-rdf-syntax-ns#type, :o http://example.org/ontology/Person}
{:s http://example.org/people/alice, :p http://example.org/ontology/name, :o "Alice"}
{:s http://example.org/people/bob, :p http://www.w3.org/1999/02/22-rdf-syntax-ns#type, :o http://example.org/ontology/Person}
{:s http://example.org/people/bob, :p http://example.org/ontology/name, :o "Bob"}
Triple count after adding: 11
Triple count after removing: 9
{:s http://example.org/people/alice, :p http://example.org/ontology/name, :o "Alice"}
{:s http://example.org/people/alice, :p http://www.w3.org/1999/02/22-rdf-syntax-ns#type, :o http://example.org/ontology/Person}
Retrieve triples matching  nil .
{:s http://example.org/people/alice, :p http://example.org/people/age, :o "42"^^<http://www.w3.org/2001/XMLSchema#int>}
{:s http://example.org/people/Ted, :p http://example.org/people/age, :o "42"}
{:s http://example.org/people/alice, :p http://example.org/people/weight, :o "20.5"}
{:s http://example.org/people/Ted, :p http://example.org/people/weight, :o "20.5"^^<http://www.w3.org/2001/XMLSchema#float>}
{:s http://example.org/people/alice, :p http://example.org/people/favoriteColor, :o "Red"}
{:s http://example.org/people/Ted, :p http://example.org/people/favoriteColor, :o "Rouge"@fr}
{:s http://example.org/people/alice, :p http://example.org/people/birthdate, :o "1984-12-06"^^<http://www.w3.org/2001/XMLSchema#date>}
{:s http://example.org/people/Ted, :p http://example.org/people/birthdate, :o "1984-12-06T09:00:00"^^<http://www.w3.org/2001/XMLSchema#dateTime>}
Query triples matching 42 .
{:o "42"^^<http://www.w3.org/2001/XMLSchema#int>, :p http://example.org/people/age, :s http://example.org/people/alice}
Query triples matching "42" .
{:o "42", :p http://example.org/people/age, :s http://example.org/people/Ted}
Query triples matching 20.5 .
{:o "20.5"^^<http://www.w3.org/2001/XMLSchema#float>, :p http://example.org/people/weight, :s http://example.org/people/Ted}
Query triples matching "20.5" .
{:o "20.5", :p http://example.org/people/weight, :s http://example.org/people/alice}
Query triples matching "20.5"^^xsd:float .
{:o "20.5"^^<http://www.w3.org/2001/XMLSchema#float>, :p http://example.org/people/weight, :s http://example.org/people/Ted}
Query triples matching "Rouge"@fr .
{:o "Rouge"@fr, :p http://example.org/people/favoriteColor, :s http://example.org/people/Ted}
Query triples matching "Rouge" .
Query triples matching "1984-12-06"^^xsd:date .
Retrieve triples matching  "42"^^<http://www.w3.org/2001/XMLSchema#int> .
{:s http://example.org/people/alice, :p http://example.org/people/age, :o "42"^^<http://www.w3.org/2001/XMLSchema#int>}
Query triples matching 42 .
{:o "42"^^<http://www.w3.org/2001/XMLSchema#int>, :p http://example.org/people/age, :s http://example.org/people/alice}
Query triples matching "42" .
{:o "42", :p http://example.org/people/age, :s http://example.org/people/Ted}
Query triples matching 20.5 .
{:o "20.5"^^<http://www.w3.org/2001/XMLSchema#float>, :p http://example.org/people/weight, :s http://example.org/people/Ted}
Query triples matching "20.5" .
{:o "20.5", :p http://example.org/people/weight, :s http://example.org/people/alice}
Query triples matching "20.5"^^xsd:float .
{:o "20.5"^^<http://www.w3.org/2001/XMLSchema#float>, :p http://example.org/people/weight, :s http://example.org/people/Ted}
Query triples matching "Rouge"@fr .
{:o "Rouge"@fr, :p http://example.org/people/favoriteColor, :s http://example.org/people/Ted}
Query triples matching "Rouge" .
Query triples matching "1984-12-06"^^xsd:date .
Retrieve triples matching  "42" .
{:s http://example.org/people/Ted, :p http://example.org/people/age, :o "42"}
Query triples matching 42 .
{:o "42"^^<http://www.w3.org/2001/XMLSchema#int>, :p http://example.org/people/age, :s http://example.org/people/alice}
Query triples matching "42" .
{:o "42", :p http://example.org/people/age, :s http://example.org/people/Ted}
Query triples matching 20.5 .
{:o "20.5"^^<http://www.w3.org/2001/XMLSchema#float>, :p http://example.org/people/weight, :s http://example.org/people/Ted}
Query triples matching "20.5" .
{:o "20.5", :p http://example.org/people/weight, :s http://example.org/people/alice}
Query triples matching "20.5"^^xsd:float .
{:o "20.5"^^<http://www.w3.org/2001/XMLSchema#float>, :p http://example.org/people/weight, :s http://example.org/people/Ted}
Query triples matching "Rouge"@fr .
{:o "Rouge"@fr, :p http://example.org/people/favoriteColor, :s http://example.org/people/Ted}
Query triples matching "Rouge" .
Query triples matching "1984-12-06"^^xsd:date .
Retrieve triples matching  "20.5"^^<http://www.w3.org/2001/XMLSchema#float> .
{:s http://example.org/people/Ted, :p http://example.org/people/weight, :o "20.5"^^<http://www.w3.org/2001/XMLSchema#float>}
Query triples matching 42 .
{:o "42"^^<http://www.w3.org/2001/XMLSchema#int>, :p http://example.org/people/age, :s http://example.org/people/alice}
Query triples matching "42" .
{:o "42", :p http://example.org/people/age, :s http://example.org/people/Ted}
Query triples matching 20.5 .
{:o "20.5"^^<http://www.w3.org/2001/XMLSchema#float>, :p http://example.org/people/weight, :s http://example.org/people/Ted}
Query triples matching "20.5" .
{:o "20.5", :p http://example.org/people/weight, :s http://example.org/people/alice}
Query triples matching "20.5"^^xsd:float .
{:o "20.5"^^<http://www.w3.org/2001/XMLSchema#float>, :p http://example.org/people/weight, :s http://example.org/people/Ted}
Query triples matching "Rouge"@fr .
{:o "Rouge"@fr, :p http://example.org/people/favoriteColor, :s http://example.org/people/Ted}
Query triples matching "Rouge" .
Query triples matching "1984-12-06"^^xsd:date .
Retrieve triples matching  "20.5" .
{:s http://example.org/people/alice, :p http://example.org/people/weight, :o "20.5"}
Query triples matching 42 .
{:o "42"^^<http://www.w3.org/2001/XMLSchema#int>, :p http://example.org/people/age, :s http://example.org/people/alice}
Query triples matching "42" .
{:o "42", :p http://example.org/people/age, :s http://example.org/people/Ted}
Query triples matching 20.5 .
{:o "20.5"^^<http://www.w3.org/2001/XMLSchema#float>, :p http://example.org/people/weight, :s http://example.org/people/Ted}
Query triples matching "20.5" .
{:o "20.5", :p http://example.org/people/weight, :s http://example.org/people/alice}
Query triples matching "20.5"^^xsd:float .
{:o "20.5"^^<http://www.w3.org/2001/XMLSchema#float>, :p http://example.org/people/weight, :s http://example.org/people/Ted}
Query triples matching "Rouge"@fr .
{:o "Rouge"@fr, :p http://example.org/people/favoriteColor, :s http://example.org/people/Ted}
Query triples matching "Rouge" .
Query triples matching "1984-12-06"^^xsd:date .
Retrieve triples matching  "Red" .
{:s http://example.org/people/alice, :p http://example.org/people/favoriteColor, :o "Red"}
Query triples matching 42 .
{:o "42"^^<http://www.w3.org/2001/XMLSchema#int>, :p http://example.org/people/age, :s http://example.org/people/alice}
Query triples matching "42" .
{:o "42", :p http://example.org/people/age, :s http://example.org/people/Ted}
Query triples matching 20.5 .
{:o "20.5"^^<http://www.w3.org/2001/XMLSchema#float>, :p http://example.org/people/weight, :s http://example.org/people/Ted}
Query triples matching "20.5" .
{:o "20.5", :p http://example.org/people/weight, :s http://example.org/people/alice}
Query triples matching "20.5"^^xsd:float .
{:o "20.5"^^<http://www.w3.org/2001/XMLSchema#float>, :p http://example.org/people/weight, :s http://example.org/people/Ted}
Query triples matching "Rouge"@fr .
{:o "Rouge"@fr, :p http://example.org/people/favoriteColor, :s http://example.org/people/Ted}
Query triples matching "Rouge" .
Query triples matching "1984-12-06"^^xsd:date .
Retrieve triples matching  "Rouge"@fr .
{:s http://example.org/people/Ted, :p http://example.org/people/favoriteColor, :o "Rouge"@fr}
Query triples matching 42 .
{:o "42"^^<http://www.w3.org/2001/XMLSchema#int>, :p http://example.org/people/age, :s http://example.org/people/alice}
Query triples matching "42" .
{:o "42", :p http://example.org/people/age, :s http://example.org/people/Ted}
Query triples matching 20.5 .
{:o "20.5"^^<http://www.w3.org/2001/XMLSchema#float>, :p http://example.org/people/weight, :s http://example.org/people/Ted}
Query triples matching "20.5" .
{:o "20.5", :p http://example.org/people/weight, :s http://example.org/people/alice}
Query triples matching "20.5"^^xsd:float .
{:o "20.5"^^<http://www.w3.org/2001/XMLSchema#float>, :p http://example.org/people/weight, :s http://example.org/people/Ted}
Query triples matching "Rouge"@fr .
{:o "Rouge"@fr, :p http://example.org/people/favoriteColor, :s http://example.org/people/Ted}
Query triples matching "Rouge" .
Query triples matching "1984-12-06"^^xsd:date .
tutorial/test6 and higher failx
